<xml xmlns="https://developers.google.com/blockly/xml"><block type="controls_if" id="(/XL)J$Qj}..mm;GP:ev" x="130" y="30"><value name="IF0"><block type="logic_boolean" id="s_hx|q^0[i@O=#T4~r_j"><field name="BOOL">TRUE</field></block></value><statement name="DO0"><block type="jump_arpb2" id="De/_~U?RL~cR:n.JdKPu"></block></statement></block></xml>