<xml xmlns="https://developers.google.com/blockly/xml"><block type="controls_whileUntil" id="U-tk_b+bMJqtDW/}feL[" x="50" y="50"><field name="MODE">WHILE</field><value name="BOOL"><block type="logic_boolean" id="2jqw_k;JaSo.sV[tyAi="><field name="BOOL">TRUE</field></block></value><statement name="DO"><block type="pickup_arpb2" id="Jg-[bL/n3-X.,lN[W*Oe"></block></statement></block></xml>