<xml xmlns="https://developers.google.com/blockly/xml"><block type="controls_whileUntil" id="Ig})HDMo`8{,KX:Eppa0" x="30" y="30"><field name="MODE">WHILE</field><value name="BOOL"><block type="logic_operation" id="3@G}n.0/f_5/I1:H/9Jj"><field name="OP">AND</field><value name="A"><block type="logic_boolean" id="7e6y$g)*zG1~M1nq[QSO"><field name="BOOL">TRUE</field></block></value><value name="B"><block type="logic_negate" id=".BH9.FI.Z5YPqic,hYFJ"><value name="BOOL"><block type="logic_boolean" id="n()fOL,_3o_DbX1PX~jw"><field name="BOOL">FALSE</field></block></value></block></value></block></value><statement name="DO"><block type="rotate_arpb2" id="HhWXy9LiGo5I*dJ/8tDa"><field name="direction">rotate_left</field><next><block type="move_forward_arpb2" id=":-:K`!LcM@rk!XjV_Hut"><next><block type="jump_arpb2" id="1LiGda!a;ixBeLc/_x3D"></block></next></block></next></block></statement></block></xml>